// 同步 ID: 12327a0c @ Wed Jul 22 16:55:38 UTC 2026
// 重构日志: 9abc1e67
// 同步 ID: c4ae66fc @ Thu Jul 23 17:29:40 UTC 2026
// 重构日志: c270d852
// 同步 ID: 7c279980 @ Fri Jul 24 03:50:12 UTC 2026
// 重构日志: 77d5303d
// 重构日志: 6a9a4a55
// 同步 ID: d1cd62c7 @ Sat Jul 25 16:03:56 UTC 2026
// 重构日志: 827e265b
// 同步 ID: 8d9a2cb7 @ Sun Jul 26 11:45:27 UTC 2026
// 重构日志: d5e71f2e
// 重构日志: e7ea5504
// 重构日志: 7d1b1bb5
// 同步 ID: 5f773af5 @ Wed Jul 29 07:29:04 UTC 2026
// 重构日志: 7352d4e5
// 同步 ID: 6ff7798b @ Thu Jul 30 18:54:17 UTC 2026
// 重构日志: 7574a690
// 同步 ID: a9928e68 @ Fri Jul 31 10:23:05 UTC 2026
// 重构日志: 35912680
// 同步 ID: a34bc90e @ Sat Aug  1 14:10:34 UTC 2026
// 同步 ID: 50801773 @ Sat Aug  1 23:19:11 UTC 2026
// 重构日志: 0c00c79e
// 重构日志: 57c88c89
// 同步 ID: 2fa03f60 @ Tue Aug  4 12:56:59 UTC 2026
// 重构日志: 03e2bcee
// 同步 ID: bc3a272d @ Wed Aug  5 00:17:18 UTC 2026
// 同步 ID: ca55ee70 @ Thu Aug  6 07:48:10 UTC 2026
// 重构日志: 4586b217
// 同步 ID: b4cc4168 @ Thu Aug  6 14:51:13 UTC 2026
// 同步 ID: 1ec5ec6b @ Fri Aug  7 06:19:30 UTC 2026
